// Vitest Snapshot v1, https://vitest.dev/guide/snapshot.html

exports[`the first draft is unchanged for every caller that passes no stage days (G-45) > draws every fixture job exactly as it drew before the optional argument 1`] = `
[
  {
    "activities": [
      "site-1 2026-11-02 2026-11-11 after ",
      "fire-1 2026-11-02 2026-11-11 after ",
      "conc-1 2026-11-12 2026-11-16 after site-1,fire-1",
      "conc-4 2026-11-17 2026-11-21 after site-1,fire-1,conc-1",
      "site-2 2026-11-22 2026-11-26 after conc-1,conc-4,site-1",
      "plumb-1 2026-11-22 2026-11-26 after conc-1,conc-4",
      "conc-2 2026-11-27 2026-12-01 after site-2,plumb-1,conc-4",
      "steel-1 2026-12-02 2026-12-06 after conc-2",
      "steel-2 2026-12-07 2026-12-11 after conc-2,steel-1",
      "steel-3 2026-12-12 2026-12-16 after conc-2,steel-2",
      "roof-1 2026-12-17 2026-12-19 after steel-1,steel-2,steel-3",
      "roof-2 2026-12-20 2026-12-22 after steel-1,steel-2,steel-3,roof-1",
      "roof-3 2026-12-23 2026-12-25 after steel-1,steel-2,steel-3,roof-2",
      "roof-4 2026-12-26 2026-12-28 after steel-1,steel-2,steel-3,roof-3",
      "plumb-2 2026-12-29 2027-01-05 after roof-1,roof-2,roof-3,roof-4,plumb-1",
      "plumb-3 2027-01-06 2027-01-13 after roof-1,roof-2,roof-3,roof-4,plumb-2",
      "hvac-1 2026-12-29 2027-01-05 after roof-1,roof-2,roof-3,roof-4",
      "hvac-2 2027-01-06 2027-01-13 after roof-1,roof-2,roof-3,roof-4,hvac-1",
      "elec-1 2026-12-29 2027-01-05 after roof-1,roof-2,roof-3,roof-4",
      "elec-2 2027-01-06 2027-01-13 after roof-1,roof-2,roof-3,roof-4,elec-1",
      "fire-2 2026-12-29 2027-01-12 after roof-1,roof-2,roof-3,roof-4,fire-1",
      "boerne-insp-roughin 2027-01-14 2027-01-15 after plumb-2,plumb-3,hvac-1,hvac-2,elec-1,elec-2,fire-2 (Rough-in inspection)",
      "plumb-4 2027-01-16 2027-01-22 after boerne-insp-roughin,plumb-3",
      "hvac-3 2027-01-16 2027-01-22 after boerne-insp-roughin,hvac-2",
      "elec-3 2027-01-16 2027-01-19 after boerne-insp-roughin,elec-2",
      "elec-4 2027-01-20 2027-01-23 after boerne-insp-roughin,elec-3",
      "fire-3 2027-01-16 2027-01-22 after boerne-insp-roughin,fire-2",
      "site-3 2026-12-29 2027-01-02 after roof-1,roof-2,roof-3,roof-4,site-2",
      "site-4 2027-01-03 2027-01-07 after roof-1,roof-2,roof-3,roof-4,site-3",
      "conc-3 2026-12-29 2027-01-07 after roof-1,roof-2,roof-3,roof-4,conc-2",
      "elec-5 2027-01-24 2027-02-02 after roof-1,roof-2,roof-3,roof-4,elec-4",
      "hvac-4 2027-01-24 2027-01-28 after plumb-4,hvac-3,elec-3,elec-4,fire-3",
      "boerne-insp-final 2027-02-03 2027-02-04 after site-4,conc-3,elec-5,hvac-4 (Final inspection)",
    ],
    "job": "Boerne Retail Shell",
    "milestones": [
      "Dry-in 2026-12-28",
      "Rough-in inspection 2027-01-15",
      "Substantial completion 2027-02-07",
    ],
  },
  {
    "activities": [
      "bsite-1 2026-11-02 2026-11-11 after ",
      "bconc-1 2026-11-12 2026-11-21 after bsite-1",
      "bsite-2 2026-11-22 2026-11-26 after bconc-1,bsite-1",
      "bplumb-1 2026-11-22 2026-11-26 after bconc-1",
      "bconc-2 2026-11-27 2026-12-01 after bsite-2,bplumb-1,bconc-1",
      "bplumb-2 2026-12-02 2026-12-09 after bconc-2,bplumb-1",
      "bplumb-3 2026-12-10 2026-12-17 after bconc-2,bplumb-2",
      "padb-insp-roughin 2026-12-18 2026-12-19 after bplumb-2,bplumb-3 (Rough-in inspection)",
      "bplumb-4 2026-12-20 2026-12-26 after padb-insp-roughin,bplumb-3",
      "bsite-3 2026-12-02 2026-12-11 after bconc-2,bsite-2",
      "bconc-3 2026-12-02 2026-12-11 after bconc-2",
      "padb-insp-final 2026-12-27 2026-12-28 after bplumb-4,bsite-3,bconc-3 (Final inspection)",
    ],
    "job": "Boerne Retail Pad B",
    "milestones": [
      "Rough-in inspection 2026-12-19",
      "Substantial completion 2026-12-31",
    ],
  },
  {
    "activities": [
      "dplumb-1 2026-11-02 2026-11-06 after ",
      "dry-1 2026-11-07 2026-11-16 after dplumb-1",
      "delec-1 2026-11-17 2026-11-24 after dry-1",
      "delec-4 2026-11-25 2026-12-02 after dry-1,delec-1",
      "dhvac-1 2026-11-17 2026-11-24 after dry-1",
      "dhvac-2 2026-11-25 2026-12-02 after dry-1,dhvac-1",
      "dplumb-2 2026-11-17 2026-11-24 after dry-1,dplumb-1",
      "dplumb-3 2026-11-25 2026-12-02 after dry-1,dplumb-2",
      "helotes-insp-roughin 2026-12-03 2026-12-04 after delec-1,delec-4,dhvac-1,dhvac-2,dplumb-2,dplumb-3 (Rough-in inspection)",
      "dry-2 2026-12-05 2026-12-09 after helotes-insp-roughin,dry-1",
      "dry-3 2026-12-10 2026-12-14 after helotes-insp-roughin,dry-2",
      "mill-1 2026-12-15 2026-12-18 after dry-2,dry-3",
      "mill-2 2026-12-19 2026-12-22 after dry-2,dry-3,mill-1",
      "mill-3 2026-12-23 2026-12-26 after dry-2,dry-3,mill-2",
      "delec-2 2026-12-27 2026-12-30 after mill-1,mill-2,mill-3,delec-4",
      "delec-3 2026-12-31 2027-01-03 after mill-1,mill-2,mill-3,delec-2",
      "dhvac-3 2026-12-27 2027-01-02 after mill-1,mill-2,mill-3,dhvac-2",
      "dplumb-4 2026-12-27 2027-01-02 after mill-1,mill-2,mill-3,dplumb-3",
      "helotes-insp-final 2027-01-04 2027-01-05 after delec-3,dhvac-3,dplumb-4 (Final inspection)",
    ],
    "job": "Helotes Dental Office",
    "milestones": [
      "Rough-in inspection 2026-12-04",
      "Substantial completion 2027-01-08",
    ],
  },
  {
    "activities": [
      "fsite-1 2026-11-02 2026-11-11 after ",
      "fconc-1 2026-11-12 2026-11-21 after fsite-1",
      "fsite-2 2026-11-22 2026-11-26 after fconc-1,fsite-1",
      "fplumb-1 2026-11-22 2026-11-26 after fconc-1",
      "fconc-2 2026-11-27 2026-12-01 after fsite-2,fplumb-1,fconc-1",
      "fsteel-1 2026-12-02 2026-12-06 after fconc-2",
      "fsteel-2 2026-12-07 2026-12-11 after fconc-2,fsteel-1",
      "fsteel-3 2026-12-12 2026-12-16 after fconc-2,fsteel-2",
      "froof-1 2026-12-17 2026-12-19 after fsteel-1,fsteel-2,fsteel-3",
      "froof-2 2026-12-20 2026-12-22 after fsteel-1,fsteel-2,fsteel-3,froof-1",
      "froof-3 2026-12-23 2026-12-25 after fsteel-1,fsteel-2,fsteel-3,froof-2",
      "froof-4 2026-12-26 2026-12-28 after fsteel-1,fsteel-2,fsteel-3,froof-3",
      "felec-1 2026-12-29 2027-01-05 after froof-1,froof-2,froof-3,froof-4",
      "felec-2 2027-01-06 2027-01-13 after froof-1,froof-2,froof-3,froof-4,felec-1",
      "fplumb-2 2026-12-29 2027-01-05 after froof-1,froof-2,froof-3,froof-4,fplumb-1",
      "fplumb-3 2027-01-06 2027-01-13 after froof-1,froof-2,froof-3,froof-4,fplumb-2",
      "fhvac-1 2026-12-29 2027-01-05 after froof-1,froof-2,froof-3,froof-4",
      "fhvac-2 2027-01-06 2027-01-13 after froof-1,froof-2,froof-3,froof-4,fhvac-1",
      "fairoaksd-insp-roughin 2027-01-14 2027-01-15 after felec-1,felec-2,fplumb-2,fplumb-3,fhvac-1,fhvac-2 (Rough-in inspection)",
      "felec-3 2027-01-16 2027-01-19 after fairoaksd-insp-roughin,felec-2",
      "felec-4 2027-01-20 2027-01-23 after fairoaksd-insp-roughin,felec-3",
      "fplumb-4 2027-01-16 2027-01-22 after fairoaksd-insp-roughin,fplumb-3",
      "fhvac-3 2027-01-16 2027-01-22 after fairoaksd-insp-roughin,fhvac-2",
      "fsite-3 2026-12-29 2027-01-02 after froof-1,froof-2,froof-3,froof-4,fsite-2",
      "fsite-4 2027-01-03 2027-01-07 after froof-1,froof-2,froof-3,froof-4,fsite-3",
      "fconc-3 2026-12-29 2027-01-07 after froof-1,froof-2,froof-3,froof-4,fconc-2",
      "felec-5 2027-01-24 2027-02-02 after froof-1,froof-2,froof-3,froof-4,felec-4",
      "fhvac-4 2027-01-24 2027-01-28 after felec-3,felec-4,fplumb-4,fhvac-3",
      "fairoaksd-insp-final 2027-02-03 2027-02-04 after fsite-4,fconc-3,felec-5,fhvac-4 (Final inspection)",
    ],
    "job": "Fair Oaks Shops, Building D",
    "milestones": [
      "Dry-in 2026-12-28",
      "Rough-in inspection 2027-01-15",
      "Substantial completion 2027-02-07",
    ],
  },
  {
    "activities": [
      "splumb-1 2026-11-02 2026-11-06 after ",
      "sdry-1 2026-11-07 2026-11-16 after splumb-1",
      "selec-1 2026-11-17 2026-12-01 after sdry-1",
      "shvac-1 2026-11-17 2026-11-24 after sdry-1",
      "shvac-2 2026-11-25 2026-12-02 after sdry-1,shvac-1",
      "splumb-2 2026-11-17 2026-11-24 after sdry-1,splumb-1",
      "splumb-3 2026-11-25 2026-12-02 after sdry-1,splumb-2",
      "stoneoak-insp-roughin 2026-12-03 2026-12-04 after selec-1,shvac-1,shvac-2,splumb-2,splumb-3 (Rough-in inspection)",
      "sdry-2 2026-12-05 2026-12-09 after stoneoak-insp-roughin,sdry-1",
      "sdry-3 2026-12-10 2026-12-14 after stoneoak-insp-roughin,sdry-2",
      "selec-2 2026-12-15 2026-12-18 after sdry-2,sdry-3,selec-1",
      "selec-3 2026-12-19 2026-12-22 after sdry-2,sdry-3,selec-2",
      "shvac-3 2026-12-15 2026-12-21 after sdry-2,sdry-3,shvac-2",
      "splumb-4 2026-12-15 2026-12-21 after sdry-2,sdry-3,splumb-3",
      "stoneoak-insp-final 2026-12-23 2026-12-24 after selec-3,shvac-3,splumb-4 (Final inspection)",
    ],
    "job": "Stone Oak Pharmacy",
    "milestones": [
      "Rough-in inspection 2026-12-04",
      "Substantial completion 2026-12-27",
    ],
  },
]
`;
